pacote alvo: nenhum   etiqueta: 2026-02-7444
== esperando a placa em 192.168.5.101 (ate 120 s) ==
  respondeu; senha aceita: nova (Neonex@123)
== placa: MAC 00:80:E1:4F:B0:56  serial 2026-02-7444_203237463547501700560039  fw neonex_cftv_v-3.2.0.144  uptime 20 s ==
  [OK   ] bootloader presente: flash externa ok, jedec ef4015
  [OK   ] firmware: neonex_cftv_v-3.2.0.144
  [OK   ] relogio acertado: hora acertada
  [OK   ] alerta de fonte alta em 29,5 V: 29500 mV
== hardware ==
  [OK   ] I2C ina3221_40: addr 0x40 bus 1 falhas 0
  [OK   ] I2C ina3221_41: addr 0x41 bus 1 falhas 0
  [OK   ] I2C ina226: addr 0x45 bus 1 falhas 0
  [OK   ] I2C sht30: addr 0x44 bus 1 falhas 1
  [OK   ] fonte 26,0-29,5 V com rede presente: 28.9 V
  [OK   ] bateria plausivel (> 20 V): INA226 26298 mV, ADC 26422 mV
  [OK   ] VBAT ADC x INA226 dentro de 0,5 V: diferenca 124 mV
  [OK   ] SoC por contagem de coulomb: 100 %, 10.42 A, estagio absorcao
  [OK   ] fonte alimenta o barramento (banco nao descarrega com a fonte acima dele): fonte 28.9 V, banco 26.30 V, corrente do banco 10.42 A
  [OK   ] corrente do shunt entra no banco (tensao sobe com > 0,8 A por 60 s): 26.3 -> 26.53 V com 10.40 A: ok
  [OK   ] sensor de fase com sinal (rede CA no conector): faseMedia 2461 mV, tmov 2312 mV, rede 177 V
  [OK   ] temperatura da placa 0-70 C: 35.4 C
  [OK   ] temperatura do painel 0-60 C: 23.5 C
  [OK   ] umidade 5-95 %: 45.3 %
  [OK   ] RTC sincronizado: 2026-09-14 15:31:25
== saidas 12 Vcc ==
  [OK   ] bullet1 desliga (VOUT < 4 V em ate 12 s): 2.1 V em 2 s
  [OK   ] bullet1 liga (11-13 V): 12.0 V, 0.02 A
  [OK   ] bullet2 desliga (VOUT < 4 V em ate 12 s): 2.2 V em 2 s
  [OK   ] bullet2 liga (11-13 V): 12.0 V, 0.02 A
  [OK   ] bullet3 desliga (VOUT < 4 V em ate 12 s): 2.2 V em 2 s
  [OK   ] bullet3 liga (11-13 V): 12.0 V, 0.02 A
  [OK   ] bullet4 desliga (VOUT < 4 V em ate 12 s): 2.1 V em 2 s
  [OK   ] bullet4 liga (11-13 V): 12.0 V, 0.02 A
== saida LPR 24 Vca ==
  [OK   ] LPR ligada sem falha: falha=0 csMv=1
  [OK   ] LPR pico na saida >= 20 V: voutMax 28419 mV, pctAlto 69 %
  [OK   ] LPR sem codigo de falha no CS (< 3,0 V na janela): 1 mV
  [OK   ] LPR regulacao de RMS ativa (4000-8333 us): onUs 5861, RMS calc 23977 mV
  [FALHA] LPR correntes das pernas (retrabalho SEL0->INA): iA 0 iB 0: SEM carga na LPR ou SEM retrabalho SEL0 (ligue a carga de 2 A e repita com --so-lpr)
  [OK   ] LPR desliga (pico < 3 V): voutMax 677 mV
  [OK   ] rele auxiliar alterna e volta: False -> True -> False
  [OK   ] SNMP responde (tensao da bateria, saude): SNMPv2-SMI::enterprises.66420.1.3.2.0 = INTEGER: 26602 | SNMPv2-SMI::enterprises.66420.1.3.10.0 = INTEGER: 100
== RESULTADO: REPROVADA em 1 item(ns) ==
   - LPR correntes das pernas (retrabalho SEL0->INA): iA 0 iB 0: SEM carga na LPR ou SEM retrabalho SEL0 (ligue a carga de 2 A e repita com --so-lpr)
