pacote alvo: neonex_cftv_v-3.2.0.129   etiqueta: 2026-02-7437
== esperando a placa em 192.168.5.101 (ate 120 s) ==
  respondeu; senha aceita: ANTIGA (neonex)
== placa: MAC 00:80:E1:40:F0:78  serial 2026-02-7437_20323746354750170041004B  fw neonex_cftv_v-3.2.0.113  uptime 14 s ==
  [OK   ] bootloader presente: flash externa FALHA, jedec ffffff
  [FALHA] flash W25Q64: sem flash externa: OTA impossivel
  atualizando neonex_cftv_v-3.2.0.113 -> neonex_cftv_v-3.2.0.129 ...
  192.168.5.101: neonex_cftv_v-3.2.0.113 -> enviando neonex_cftv_v-3.2.0.129.nxfw
  192.168.5.101: envio falhou (estado '', erro '')
== esperando a placa em 192.168.5.101 (ate 90 s) ==
  respondeu; senha aceita: ANTIGA (neonex)
  [FALHA] OTA para o pacote alvo: neonex_cftv_v-3.2.0.113
  [OK   ] configuracao restaurada ao padrao: configuracao restaurada ao padrao de fabrica - entre novamente
  [FALHA] senha de fabrica Neonex@123 aceita
  [OK   ] relogio acertado: hora acertada
  [FALHA] alerta de fonte alta em 29,5 V: 28000 mV
== hardware ==
  [OK   ] I2C ina3221_40: addr 0x40 bus 1 falhas 0
  [OK   ] I2C ina3221_41: addr 0x41 bus 1 falhas 0
  [OK   ] I2C ina226: addr 0x45 bus 1 falhas 0
  [OK   ] I2C sht30: addr 0x44 bus 1 falhas 0
  [FALHA] fonte 26,0-29,5 V com rede presente: 0.1 V
  [OK   ] bateria plausivel (> 20 V): INA226 25485 mV, ADC 25670 mV
  [OK   ] VBAT ADC x INA226 dentro de 0,5 V: diferenca 185 mV
  [FALHA] SoC por contagem de coulomb: 75 %, -1.88 A, estagio em descarga
  [OK   ] temperatura da placa 0-70 C: 26.4 C
  [OK   ] temperatura do painel 0-60 C: 18.4 C
  [OK   ] umidade 5-95 %: 52.9 %
  [OK   ] RTC sincronizado: 2026-09-13 16:22:20
== saidas 12 Vcc ==
  [OK   ] bullet1 desliga (VOUT < 4 V): 2.2 V
  [OK   ] bullet1 liga (11-13 V): 12.0 V, 0.01 A
  [OK   ] bullet2 desliga (VOUT < 4 V): 2.2 V
  [OK   ] bullet2 liga (11-13 V): 12.1 V, 0.02 A
  [OK   ] bullet3 desliga (VOUT < 4 V): 2.3 V
  [OK   ] bullet3 liga (11-13 V): 12.0 V, 0.02 A
  [OK   ] bullet4 desliga (VOUT < 4 V): 2.2 V
  [OK   ] bullet4 liga (11-13 V): 12.0 V, 0.02 A
== saida LPR 24 Vca ==
  [OK   ] LPR ligada sem falha: falha=0 csMv=808
  [FALHA] LPR pico na saida >= 20 V: voutMax None mV, pctAlto None %
  [OK   ] LPR sem codigo de falha no CS (< 3,0 V na janela): 808 mV
  [OK   ] LPR regulacao de RMS ativa (4000-8333 us): onUs 7553, RMS calc 23758 mV
  [OK   ] LPR correntes das pernas (retrabalho SEL0->INA): iA 1783 mA, iB 1790 mA, assimetria 0 %
  [FALHA] LPR desliga (pico < 3 V): voutMax None mV
  [OK   ] rele auxiliar alterna e volta: False -> True -> False
  [OK   ] SNMP responde (tensao da bateria, saude): SNMPv2-SMI::enterprises.66420.1.3.2.0 = INTEGER: 25227 | SNMPv2-SMI::enterprises.66420.1.3.10.0 = No Such Instance currently exists at this OID
== RESULTADO: REPROVADA em 8 item(ns) ==
   - flash W25Q64: sem flash externa: OTA impossivel
   - OTA para o pacote alvo: neonex_cftv_v-3.2.0.113
   - senha de fabrica Neonex@123 aceita: 
   - alerta de fonte alta em 29,5 V: 28000 mV
   - fonte 26,0-29,5 V com rede presente: 0.1 V
   - SoC por contagem de coulomb: 75 %, -1.88 A, estagio em descarga
   - LPR pico na saida >= 20 V: voutMax None mV, pctAlto None %
   - LPR desliga (pico < 3 V): voutMax None mV
