pacote alvo: neonex_cftv_v-3.2.0.129   etiqueta: 2026-02-7438
== esperando a placa em 192.168.5.101 (ate 120 s) ==
  respondeu; senha aceita: nova (Neonex@123)
== placa: MAC 00:80:E1:65:D6:6E  serial 2026-02-7438_2032374635475017002C0051  fw neonex_cftv_v-3.2.0.129  uptime 8 s ==
  [OK   ] bootloader presente: flash externa ok, jedec ef4015
  [OK   ] firmware: neonex_cftv_v-3.2.0.129
  [OK   ] configuracao restaurada ao padrao: configuracao restaurada ao padrao de fabrica - entre novamente
  [OK   ] senha de fabrica Neonex@123 aceita
  [OK   ] relogio acertado: hora acertada
  [OK   ] alerta de fonte alta em 29,5 V: 29500 mV
== hardware ==
  [OK   ] I2C ina3221_40: addr 0x40 bus 1 falhas 0
  [OK   ] I2C ina3221_41: addr 0x41 bus 1 falhas 0
  [OK   ] I2C ina226: addr 0x45 bus 1 falhas 0
  [OK   ] I2C sht30: addr 0x44 bus 1 falhas 0
  [OK   ] fonte 26,0-29,5 V com rede presente: 29.1 V
  [OK   ] bateria plausivel (> 20 V): INA226 26018 mV, ADC 26212 mV
  [OK   ] VBAT ADC x INA226 dentro de 0,5 V: diferenca 194 mV
  [OK   ] SoC por contagem de coulomb: 90 %, 0.52 A, estagio absorcao
  [OK   ] temperatura da placa 0-70 C: 26.4 C
  [OK   ] temperatura do painel 0-60 C: 18.7 C
  [OK   ] umidade 5-95 %: 51.2 %
  [OK   ] RTC sincronizado: 2026-09-13 16:31:36
== saidas 12 Vcc ==
  [OK   ] bullet1 desliga (VOUT < 4 V): 2.0 V
  [OK   ] bullet1 liga (11-13 V): 12.0 V, 0.02 A
  [OK   ] bullet2 desliga (VOUT < 4 V): 2.1 V
  [OK   ] bullet2 liga (11-13 V): 12.0 V, 0.02 A
  [OK   ] bullet3 desliga (VOUT < 4 V): 2.1 V
  [OK   ] bullet3 liga (11-13 V): 12.0 V, 0.02 A
  [OK   ] bullet4 desliga (VOUT < 4 V): 2.1 V
  [OK   ] bullet4 liga (11-13 V): 12.0 V, 0.02 A
== saida LPR 24 Vca ==
  [OK   ] LPR ligada sem falha: falha=0 csMv=0
  [OK   ] LPR pico na saida >= 20 V: voutMax 28573 mV, pctAlto 70 %
  [OK   ] LPR sem codigo de falha no CS (< 3,0 V na janela): 0 mV
  [OK   ] LPR regulacao de RMS ativa (4000-8333 us): onUs 5762, RMS calc 23953 mV
  [FALHA] LPR correntes das pernas (retrabalho SEL0->INA): iA 0 iB 0: SEM carga na LPR ou SEM retrabalho SEL0 (ligue a carga de 2 A e repita)
  [OK   ] LPR desliga (pico < 3 V): voutMax 655 mV
  [OK   ] rele auxiliar alterna e volta: False -> True -> False
  [OK   ] SNMP responde (tensao da bateria, saude): SNMPv2-SMI::enterprises.66420.1.3.2.0 = INTEGER: 26160 | SNMPv2-SMI::enterprises.66420.1.3.10.0 = INTEGER: 100
== RESULTADO: REPROVADA em 1 item(ns) ==
   - LPR correntes das pernas (retrabalho SEL0->INA): iA 0 iB 0: SEM carga na LPR ou SEM retrabalho SEL0 (ligue a carga de 2 A e repita)
