pacote alvo: nenhum   etiqueta: 2026-02-7438
== esperando a placa em 192.168.5.101 (ate 120 s) ==
  respondeu; senha aceita: nova (Neonex@123)
== placa: MAC 00:80:E1:65:D6:6E  serial 2026-02-7438_2032374635475017002C0051  fw neonex_cftv_v-3.2.0.144  uptime 108 s ==
  [OK   ] bootloader presente: flash externa ok, jedec ef4015
  [OK   ] firmware: neonex_cftv_v-3.2.0.144
  [OK   ] relogio acertado: hora acertada
  [OK   ] alerta de fonte alta em 29,5 V: 29500 mV
== hardware ==
  [OK   ] I2C ina3221_40: addr 0x40 bus 1 falhas 0
  [OK   ] I2C ina3221_41: addr 0x41 bus 1 falhas 0
  [OK   ] I2C ina226: addr 0x45 bus 1 falhas 0
  [OK   ] I2C sht30: addr 0x44 bus 1 falhas 1
  [OK   ] fonte 26,0-29,5 V com rede presente: 28.9 V
  [OK   ] bateria plausivel (> 20 V): INA226 26720 mV, ADC 26853 mV
  [OK   ] VBAT ADC x INA226 dentro de 0,5 V: diferenca 133 mV
  [OK   ] SoC por contagem de coulomb: 91 %, 0.37 A, estagio absorcao
  [OK   ] fonte alimenta o barramento (banco nao descarrega com a fonte acima dele): fonte 28.9 V, banco 26.72 V, corrente do banco 0.37 A
  [OK   ] sensor de fase com sinal (rede CA no conector): faseMedia 2566 mV, tmov 2290 mV, rede 187 V
  [OK   ] temperatura da placa 0-70 C: 33.6 C
  [OK   ] temperatura do painel 0-60 C: 21.4 C
  [OK   ] umidade 5-95 %: 52.4 %
  [OK   ] RTC sincronizado: 2026-09-14 16:34:17
== saidas 12 Vcc ==
  [OK   ] bullet1 desliga (VOUT < 4 V em ate 12 s): 2.0 V em 2 s
  [OK   ] bullet1 liga (11-13 V): 12.0 V, 0.02 A
  [OK   ] bullet2 desliga (VOUT < 4 V em ate 12 s): 2.1 V em 2 s
  [OK   ] bullet2 liga (11-13 V): 12.0 V, 0.02 A
  [OK   ] bullet3 desliga (VOUT < 4 V em ate 12 s): 2.1 V em 2 s
  [OK   ] bullet3 liga (11-13 V): 12.0 V, 0.02 A
  [OK   ] bullet4 desliga (VOUT < 4 V em ate 12 s): 2.1 V em 2 s
  [OK   ] bullet4 liga (11-13 V): 12.0 V, 0.02 A
  [--   ] saida LPR nao testada (--sem-lpr)
  [OK   ] rele auxiliar alterna e volta: False -> True -> False
  [OK   ] SNMP responde (tensao da bateria, saude): SNMPv2-SMI::enterprises.66420.1.3.2.0 = INTEGER: 26786 | SNMPv2-SMI::enterprises.66420.1.3.10.0 = INTEGER: 100
== saidas do MCU (forcando pinos) ==
  [OK   ] OUT_ENB_PFET_CARGA liga (corrente de carga > 0,1 A com o P-FET forcado): 0.35 A
  [OK   ] OUT_ENB_PFET_CARGA desliga e a leitura de corrente responde (< 0,1 A): 0.01 A
  [OK   ] OUT_ENB_RELE_BAT abre o K1 (corrente de carga some com o rele aberto): 0.36 A -> 0.01 A
  [OK   ] OUT_DSB_FONTE corta a fonte (barramento cai da fonte para o banco durante o corte): barramento 28507 -> 26549 mV (banco 26670 mV)
  [OK   ] placa segue viva no banco durante o corte (sem reiniciar): reiniciou=False, corrente -0.16 A
  [--   ] OUT_BUZZER (bip de 0,3 s) e OUT_LED (aceso 1 s) forcados: conferir a olho/ouvido
== RESULTADO: APROVADA ==
