pacote alvo: nenhum
== esperando a placa em 192.168.5.101 (ate 120 s) ==
  respondeu; senha aceita: nova (Neonex@123)
== placa: MAC 00:80:E1:40:F0:78  serial 20323746354750170041004B  fw neonex_cftv_v-3.2.0.144  uptime 45 s ==
  [OK   ] bootloader presente: flash externa ok, jedec ef4015
  [OK   ] firmware: neonex_cftv_v-3.2.0.144
  [OK   ] relogio acertado: hora acertada
  [OK   ] alerta de fonte alta em 29,5 V: 29500 mV
== hardware ==
  [OK   ] I2C ina3221_40: addr 0x40 bus 1 falhas 0
  [OK   ] I2C ina3221_41: addr 0x41 bus 1 falhas 0
  [OK   ] I2C ina226: addr 0x45 bus 1 falhas 0
  [OK   ] I2C sht30: addr 0x44 bus 1 falhas 1
  [OK   ] fonte 26,0-29,5 V com rede presente: 28.9 V
  [OK   ] bateria plausivel (> 20 V): INA226 25467 mV, ADC 25626 mV
  [OK   ] VBAT ADC x INA226 dentro de 0,5 V: diferenca 159 mV
  [OK   ] SoC por contagem de coulomb: 86 %, 0.01 A, estagio flutuacao
  [OK   ] fonte alimenta o barramento (banco nao descarrega com a fonte acima dele): fonte 28.9 V, banco 25.47 V, corrente do banco 0.01 A
  [OK   ] sensor de fase com sinal (rede CA no conector): faseMedia 2127 mV, tmov 2122 mV, rede 161 V
  [OK   ] temperatura da placa 0-70 C: 33.0 C
  [OK   ] temperatura do painel 0-60 C: 21.6 C
  [OK   ] umidade 5-95 %: 52.1 %
  [OK   ] RTC sincronizado: 2026-09-14 17:30:53
== saidas 12 Vcc ==
  [OK   ] bullet1 desliga (VOUT < 4 V em ate 12 s): 2.2 V em 2 s
  [OK   ] bullet1 liga (11-13 V): 12.0 V, 0.02 A
  [OK   ] bullet2 desliga (VOUT < 4 V em ate 12 s): 2.1 V em 2 s
  [OK   ] bullet2 liga (11-13 V): 12.1 V, 0.02 A
  [OK   ] bullet3 desliga (VOUT < 4 V em ate 12 s): 2.2 V em 2 s
  [OK   ] bullet3 liga (11-13 V): 12.0 V, 0.02 A
  [OK   ] bullet4 desliga (VOUT < 4 V em ate 12 s): 2.2 V em 2 s
  [OK   ] bullet4 liga (11-13 V): 12.0 V, 0.02 A
  [--   ] saida LPR nao testada (--sem-lpr)
  [OK   ] rele auxiliar alterna e volta: False -> True -> False
  [OK   ] SNMP responde (tensao da bateria, saude): SNMPv2-SMI::enterprises.66420.1.3.2.0 = INTEGER: 25466 | SNMPv2-SMI::enterprises.66420.1.3.10.0 = INTEGER: 100
== saidas do MCU (forcando pinos) ==
  [FALHA] OUT_ENB_PFET_CARGA liga (corrente de carga > 0,1 A com o P-FET forcado): 0.01 A
  [OK   ] OUT_ENB_PFET_CARGA desliga e a leitura de corrente responde (< 0,1 A): 0.01 A
  [--   ] K1 nao avaliado: sem corrente de carga para interromper
  [FALHA] OUT_DSB_FONTE corta a fonte (barramento cai da fonte para o banco durante o corte): barramento 28606 -> None mV (banco 25470 mV): fonte nao foi cortada (T11/LM74800 EN)
  [FALHA] placa segue viva no banco durante o corte (sem reiniciar): reiniciou=True, corrente None A: K1 nao sustenta o barramento (BC817/bobina/F1/cabo)
  [--   ] OUT_BUZZER (bip de 0,3 s) e OUT_LED (aceso 1 s) forcados: conferir a olho/ouvido
== RESULTADO: REPROVADA em 3 item(ns) ==
   - OUT_ENB_PFET_CARGA liga (corrente de carga > 0,1 A com o P-FET forcado): 0.01 A
   - OUT_DSB_FONTE corta a fonte (barramento cai da fonte para o banco durante o corte): barramento 28606 -> None mV (banco 25470 mV): fonte nao foi cortada (T11/LM74800 EN)
   - placa segue viva no banco durante o corte (sem reiniciar): reiniciou=True, corrente None A: K1 nao sustenta o barramento (BC817/bobina/F1/cabo)
